src/components/dashboard/Heatmap.tsx(45,60): error TS2345: Argument of type 'Theme' is not assignable to parameter of type 'Record<string, string>'.
  Index signature for type 'string' is missing in type 'Theme'.
src/components/dashboard/Heatmap.tsx(58,104): error TS2345: Argument of type 'Theme' is not assignable to parameter of type 'Record<string, string>'.
  Index signature for type 'string' is missing in type 'Theme'.
